[debug] [2025-10-16T12:08:12.178Z] ----------------------------------------------------------------------
[debug] [2025-10-16T12:08:12.180Z] Command:       /Users/benmichaels/.nvm/versions/node/v18.20.8/bin/node /Users/benmichaels/.nvm/versions/node/v18.20.8/bin/firebase deploy
[debug] [2025-10-16T12:08:12.180Z] CLI Version:   13.35.1
[debug] [2025-10-16T12:08:12.180Z] Platform:      darwin
[debug] [2025-10-16T12:08:12.180Z] Node Version:  v18.20.8
[debug] [2025-10-16T12:08:12.181Z] Time:          Thu Oct 16 2025 08:08:12 GMT-0400 (Eastern Daylight Time)
[debug] [2025-10-16T12:08:12.181Z] ----------------------------------------------------------------------
[debug] 
[debug] [2025-10-16T12:08:12.256Z] > command requires scopes: ["email","openid","https://www.googleapis.com/auth/cloudplatformprojects.readonly","https://www.googleapis.com/auth/firebase","https://www.googleapis.com/auth/cloud-platform"]
[debug] [2025-10-16T12:08:12.257Z] > authorizing via signed-in user (benjaminlmichaels@gmail.com)
[debug] [2025-10-16T12:08:12.257Z] [iam] checking project impacts-tracker for permissions ["cloudfunctions.functions.create","cloudfunctions.functions.delete","cloudfunctions.functions.get","cloudfunctions.functions.list","cloudfunctions.functions.update","cloudfunctions.operations.get","firebase.projects.get","firebasehosting.sites.update"]
[debug] [2025-10-16T12:08:12.257Z] Checked if tokens are valid: false, expires at: 1760594388226
[debug] [2025-10-16T12:08:12.257Z] Checked if tokens are valid: false, expires at: 1760594388226
[debug] [2025-10-16T12:08:12.257Z] > refreshing access token with scopes: []
[debug] [2025-10-16T12:08:12.258Z] >>> [apiv2][query] POST https://www.googleapis.com/oauth2/v3/token [none]
[debug] [2025-10-16T12:08:12.258Z] >>> [apiv2][body] POST https://www.googleapis.com/oauth2/v3/token [omitted]
[debug] [2025-10-16T12:08:12.504Z] <<< [apiv2][status] POST https://www.googleapis.com/oauth2/v3/token 200
[debug] [2025-10-16T12:08:12.504Z] <<< [apiv2][body] POST https://www.googleapis.com/oauth2/v3/token [omitted]
[debug] [2025-10-16T12:08:12.517Z] >>> [apiv2][query] POST https://cloudresourcemanager.googleapis.com/v1/projects/impacts-tracker:testIamPermissions [none]
[debug] [2025-10-16T12:08:12.517Z] >>> [apiv2][(partial)header] POST https://cloudresourcemanager.googleapis.com/v1/projects/impacts-tracker:testIamPermissions x-goog-quota-user=projects/impacts-tracker
[debug] [2025-10-16T12:08:12.517Z] >>> [apiv2][body] POST https://cloudresourcemanager.googleapis.com/v1/projects/impacts-tracker:testIamPermissions {"permissions":["cloudfunctions.functions.create","cloudfunctions.functions.delete","cloudfunctions.functions.get","cloudfunctions.functions.list","cloudfunctions.functions.update","cloudfunctions.operations.get","firebase.projects.get","firebasehosting.sites.update"]}
[debug] [2025-10-16T12:08:12.711Z] <<< [apiv2][status] POST https://cloudresourcemanager.googleapis.com/v1/projects/impacts-tracker:testIamPermissions 200
[debug] [2025-10-16T12:08:12.711Z] <<< [apiv2][body] POST https://cloudresourcemanager.googleapis.com/v1/projects/impacts-tracker:testIamPermissions {"permissions":["cloudfunctions.functions.create","cloudfunctions.functions.delete","cloudfunctions.functions.get","cloudfunctions.functions.list","cloudfunctions.functions.update","cloudfunctions.operations.get","firebase.projects.get","firebasehosting.sites.update"]}
[debug] [2025-10-16T12:08:12.712Z] Checked if tokens are valid: true, expires at: 1760620091505
[debug] [2025-10-16T12:08:12.712Z] Checked if tokens are valid: true, expires at: 1760620091505
[debug] [2025-10-16T12:08:12.712Z] >>> [apiv2][query] POST https://iam.googleapis.com/v1/projects/impacts-tracker/serviceAccounts/impacts-tracker@appspot.gserviceaccount.com:testIamPermissions [none]
[debug] [2025-10-16T12:08:12.712Z] >>> [apiv2][body] POST https://iam.googleapis.com/v1/projects/impacts-tracker/serviceAccounts/impacts-tracker@appspot.gserviceaccount.com:testIamPermissions {"permissions":["iam.serviceAccounts.actAs"]}
[debug] [2025-10-16T12:08:12.951Z] <<< [apiv2][status] POST https://iam.googleapis.com/v1/projects/impacts-tracker/serviceAccounts/impacts-tracker@appspot.gserviceaccount.com:testIamPermissions 200
[debug] [2025-10-16T12:08:12.951Z] <<< [apiv2][body] POST https://iam.googleapis.com/v1/projects/impacts-tracker/serviceAccounts/impacts-tracker@appspot.gserviceaccount.com:testIamPermissions {"permissions":["iam.serviceAccounts.actAs"]}
[debug] [2025-10-16T12:08:12.951Z] Checked if tokens are valid: true, expires at: 1760620091505
[debug] [2025-10-16T12:08:12.951Z] Checked if tokens are valid: true, expires at: 1760620091505
[debug] [2025-10-16T12:08:12.951Z] >>> [apiv2][query] GET https://firebase.googleapis.com/v1beta1/projects/impacts-tracker [none]
[debug] [2025-10-16T12:08:13.369Z] <<< [apiv2][status] GET https://firebase.googleapis.com/v1beta1/projects/impacts-tracker 200
[debug] [2025-10-16T12:08:13.369Z] <<< [apiv2][body] GET https://firebase.googleapis.com/v1beta1/projects/impacts-tracker {"projectId":"impacts-tracker","projectNumber":"936816429135","displayName":"ImPACTS-Tracker","name":"projects/impacts-tracker","resources":{"hostingSite":"impacts-tracker"},"state":"ACTIVE","etag":"1_3057028e-e379-41ba-9aae-0bccf228240a"}
[info] 
[info] === Deploying to 'impacts-tracker'...
[info] 
[info] i  deploying functions, hosting 
[info] Running command: npm --prefix "$RESOURCE_DIR" run build
[info] ✔  functions: Finished running predeploy script. 
[debug] [2025-10-16T12:08:15.723Z] Checked if tokens are valid: true, expires at: 1760620091505
[debug] [2025-10-16T12:08:15.723Z] Checked if tokens are valid: true, expires at: 1760620091505
[debug] [2025-10-16T12:08:15.723Z] >>> [apiv2][query] GET https://cloudresourcemanager.googleapis.com/v1/projects/impacts-tracker [none]
[debug] [2025-10-16T12:08:15.985Z] <<< [apiv2][status] GET https://cloudresourcemanager.googleapis.com/v1/projects/impacts-tracker 200
[debug] [2025-10-16T12:08:15.986Z] <<< [apiv2][body] GET https://cloudresourcemanager.googleapis.com/v1/projects/impacts-tracker {"projectNumber":"936816429135","projectId":"impacts-tracker","lifecycleState":"ACTIVE","name":"ImPACTS-Tracker","labels":{"firebase":"enabled","firebase-core":"disabled"},"createTime":"2025-04-07T03:04:23.071535Z"}
[info] i  functions: preparing codebase default for deployment 
[info] i  functions: ensuring required API cloudfunctions.googleapis.com is enabled... 
[debug] [2025-10-16T12:08:15.988Z] Checked if tokens are valid: true, expires at: 1760620091505
[debug] [2025-10-16T12:08:15.988Z] Checked if tokens are valid: true, expires at: 1760620091505
[debug] [2025-10-16T12:08:15.988Z] Checked if tokens are valid: true, expires at: 1760620091505
[debug] [2025-10-16T12:08:15.988Z] Checked if tokens are valid: true, expires at: 1760620091505
[info] i  functions: ensuring required API cloudbuild.googleapis.com is enabled... 
[debug] [2025-10-16T12:08:15.988Z] Checked if tokens are valid: true, expires at: 1760620091505
[debug] [2025-10-16T12:08:15.988Z] Checked if tokens are valid: true, expires at: 1760620091505
[info] i  artifactregistry: ensuring required API artifactregistry.googleapis.com is enabled... 
[debug] [2025-10-16T12:08:15.988Z] Checked if tokens are valid: true, expires at: 1760620091505
[debug] [2025-10-16T12:08:15.988Z] Checked if tokens are valid: true, expires at: 1760620091505
[debug] [2025-10-16T12:08:15.988Z] >>> [apiv2][query] GET https://serviceusage.googleapis.com/v1/projects/impacts-tracker/services/cloudfunctions.googleapis.com [none]
[debug] [2025-10-16T12:08:15.988Z] >>> [apiv2][(partial)header] GET https://serviceusage.googleapis.com/v1/projects/impacts-tracker/services/cloudfunctions.googleapis.com x-goog-quota-user=projects/impacts-tracker
[debug] [2025-10-16T12:08:15.989Z] >>> [apiv2][query] GET https://serviceusage.googleapis.com/v1/projects/impacts-tracker/services/runtimeconfig.googleapis.com [none]
[debug] [2025-10-16T12:08:15.989Z] >>> [apiv2][(partial)header] GET https://serviceusage.googleapis.com/v1/projects/impacts-tracker/services/runtimeconfig.googleapis.com x-goog-quota-user=projects/impacts-tracker
[debug] [2025-10-16T12:08:15.990Z] >>> [apiv2][query] GET https://serviceusage.googleapis.com/v1/projects/impacts-tracker/services/cloudbuild.googleapis.com [none]
[debug] [2025-10-16T12:08:15.990Z] >>> [apiv2][(partial)header] GET https://serviceusage.googleapis.com/v1/projects/impacts-tracker/services/cloudbuild.googleapis.com x-goog-quota-user=projects/impacts-tracker
[debug] [2025-10-16T12:08:15.991Z] >>> [apiv2][query] GET https://serviceusage.googleapis.com/v1/projects/impacts-tracker/services/artifactregistry.googleapis.com [none]
[debug] [2025-10-16T12:08:15.991Z] >>> [apiv2][(partial)header] GET https://serviceusage.googleapis.com/v1/projects/impacts-tracker/services/artifactregistry.googleapis.com x-goog-quota-user=projects/impacts-tracker
[debug] [2025-10-16T12:08:16.462Z] <<< [apiv2][status] GET https://serviceusage.googleapis.com/v1/projects/impacts-tracker/services/cloudbuild.googleapis.com 200
[debug] [2025-10-16T12:08:16.462Z] <<< [apiv2][body] GET https://serviceusage.googleapis.com/v1/projects/impacts-tracker/services/cloudbuild.googleapis.com [omitted]
[info] ✔  functions: required API cloudbuild.googleapis.com is enabled 
[debug] [2025-10-16T12:08:16.467Z] <<< [apiv2][status] GET https://serviceusage.googleapis.com/v1/projects/impacts-tracker/services/cloudfunctions.googleapis.com 200
[debug] [2025-10-16T12:08:16.467Z] <<< [apiv2][body] GET https://serviceusage.googleapis.com/v1/projects/impacts-tracker/services/cloudfunctions.googleapis.com [omitted]
[info] ✔  functions: required API cloudfunctions.googleapis.com is enabled 
[debug] [2025-10-16T12:08:16.647Z] <<< [apiv2][status] GET https://serviceusage.googleapis.com/v1/projects/impacts-tracker/services/runtimeconfig.googleapis.com 200
[debug] [2025-10-16T12:08:16.647Z] <<< [apiv2][body] GET https://serviceusage.googleapis.com/v1/projects/impacts-tracker/services/runtimeconfig.googleapis.com [omitted]
[debug] [2025-10-16T12:08:16.658Z] <<< [apiv2][status] GET https://serviceusage.googleapis.com/v1/projects/impacts-tracker/services/artifactregistry.googleapis.com 200
[debug] [2025-10-16T12:08:16.658Z] <<< [apiv2][body] GET https://serviceusage.googleapis.com/v1/projects/impacts-tracker/services/artifactregistry.googleapis.com [omitted]
[info] ✔  artifactregistry: required API artifactregistry.googleapis.com is enabled 
[debug] [2025-10-16T12:08:16.658Z] Checked if tokens are valid: true, expires at: 1760620091505
[debug] [2025-10-16T12:08:16.658Z] Checked if tokens are valid: true, expires at: 1760620091505
[debug] [2025-10-16T12:08:16.658Z] >>> [apiv2][query] GET https://firebase.googleapis.com/v1beta1/projects/impacts-tracker/adminSdkConfig [none]
[debug] [2025-10-16T12:08:17.052Z] <<< [apiv2][status] GET https://firebase.googleapis.com/v1beta1/projects/impacts-tracker/adminSdkConfig 200
[debug] [2025-10-16T12:08:17.052Z] <<< [apiv2][body] GET https://firebase.googleapis.com/v1beta1/projects/impacts-tracker/adminSdkConfig {"projectId":"impacts-tracker","storageBucket":"impacts-tracker.firebasestorage.app"}
[debug] [2025-10-16T12:08:17.053Z] Checked if tokens are valid: true, expires at: 1760620091505
[debug] [2025-10-16T12:08:17.053Z] Checked if tokens are valid: true, expires at: 1760620091505
[debug] [2025-10-16T12:08:17.053Z] >>> [apiv2][query] GET https://runtimeconfig.googleapis.com/v1beta1/projects/impacts-tracker/configs [none]
[debug] [2025-10-16T12:08:17.289Z] <<< [apiv2][status] GET https://runtimeconfig.googleapis.com/v1beta1/projects/impacts-tracker/configs 200
[debug] [2025-10-16T12:08:17.289Z] <<< [apiv2][body] GET https://runtimeconfig.googleapis.com/v1beta1/projects/impacts-tracker/configs {"configs":[{"name":"projects/impacts-tracker/configs/bigquery"}]}
[debug] [2025-10-16T12:08:17.289Z] Checked if tokens are valid: true, expires at: 1760620091505
[debug] [2025-10-16T12:08:17.289Z] Checked if tokens are valid: true, expires at: 1760620091505
[debug] [2025-10-16T12:08:17.290Z] >>> [apiv2][query] GET https://runtimeconfig.googleapis.com/v1beta1/projects/impacts-tracker/configs/bigquery/variables [none]
[debug] [2025-10-16T12:08:17.509Z] <<< [apiv2][status] GET https://runtimeconfig.googleapis.com/v1beta1/projects/impacts-tracker/configs/bigquery/variables 200
[debug] [2025-10-16T12:08:17.510Z] <<< [apiv2][body] GET https://runtimeconfig.googleapis.com/v1beta1/projects/impacts-tracker/configs/bigquery/variables {"variables":[{"name":"projects/impacts-tracker/configs/bigquery/variables/location","updateTime":"2025-09-20T23:57:24.020201029Z"},{"name":"projects/impacts-tracker/configs/bigquery/variables/project_id","updateTime":"2025-09-20T23:57:24.172501847Z"},{"name":"projects/impacts-tracker/configs/bigquery/variables/dataset_id","updateTime":"2025-09-20T23:57:23.386200877Z"}]}
[debug] [2025-10-16T12:08:17.510Z] Checked if tokens are valid: true, expires at: 1760620091505
[debug] [2025-10-16T12:08:17.510Z] Checked if tokens are valid: true, expires at: 1760620091505
[debug] [2025-10-16T12:08:17.510Z] Checked if tokens are valid: true, expires at: 1760620091505
[debug] [2025-10-16T12:08:17.510Z] Checked if tokens are valid: true, expires at: 1760620091505
[debug] [2025-10-16T12:08:17.510Z] Checked if tokens are valid: true, expires at: 1760620091505
[debug] [2025-10-16T12:08:17.510Z] Checked if tokens are valid: true, expires at: 1760620091505
[debug] [2025-10-16T12:08:17.511Z] >>> [apiv2][query] GET https://runtimeconfig.googleapis.com/v1beta1/projects/impacts-tracker/configs/bigquery/variables/location [none]
[debug] [2025-10-16T12:08:17.514Z] >>> [apiv2][query] GET https://runtimeconfig.googleapis.com/v1beta1/projects/impacts-tracker/configs/bigquery/variables/project_id [none]
[debug] [2025-10-16T12:08:17.515Z] >>> [apiv2][query] GET https://runtimeconfig.googleapis.com/v1beta1/projects/impacts-tracker/configs/bigquery/variables/dataset_id [none]
[debug] [2025-10-16T12:08:17.703Z] <<< [apiv2][status] GET https://runtimeconfig.googleapis.com/v1beta1/projects/impacts-tracker/configs/bigquery/variables/project_id 200
[debug] [2025-10-16T12:08:17.703Z] <<< [apiv2][body] GET https://runtimeconfig.googleapis.com/v1beta1/projects/impacts-tracker/configs/bigquery/variables/project_id {"name":"projects/impacts-tracker/configs/bigquery/variables/project_id","updateTime":"2025-09-20T23:57:24.172501847Z","text":"impacts-tracker"}
[debug] [2025-10-16T12:08:17.753Z] <<< [apiv2][status] GET https://runtimeconfig.googleapis.com/v1beta1/projects/impacts-tracker/configs/bigquery/variables/location 200
[debug] [2025-10-16T12:08:17.754Z] <<< [apiv2][body] GET https://runtimeconfig.googleapis.com/v1beta1/projects/impacts-tracker/configs/bigquery/variables/location {"name":"projects/impacts-tracker/configs/bigquery/variables/location","updateTime":"2025-09-20T23:57:24.020201029Z","text":"US"}
[debug] [2025-10-16T12:08:17.755Z] <<< [apiv2][status] GET https://runtimeconfig.googleapis.com/v1beta1/projects/impacts-tracker/configs/bigquery/variables/dataset_id 200
[debug] [2025-10-16T12:08:17.755Z] <<< [apiv2][body] GET https://runtimeconfig.googleapis.com/v1beta1/projects/impacts-tracker/configs/bigquery/variables/dataset_id {"name":"projects/impacts-tracker/configs/bigquery/variables/dataset_id","updateTime":"2025-09-20T23:57:23.386200877Z","text":"impacts_data"}
[debug] [2025-10-16T12:08:17.758Z] Validating nodejs source
[warn] ⚠  functions: Runtime Node.js 18 was deprecated on 2025-04-30 and will be decommissioned on 2025-10-31, after which you will not be able to deploy without upgrading. Consider upgrading now to avoid disruption. See https://cloud.google.com/functions/docs/runtime-support for full details on the lifecycle policy 
[warn] ⚠  functions: package.json indicates an outdated version of firebase-functions. Please upgrade using npm install --save firebase-functions@latest in your functions directory. 
[warn] ⚠  functions: Please note that there will be breaking changes when you upgrade. 
[debug] [2025-10-16T12:08:18.286Z] > [functions] package.json contents: {
  "name": "functions",
  "description": "Cloud Functions for Firebase",
  "scripts": {
    "build": "tsc",
    "build:watch": "tsc --watch",
    "serve": "npm run build && firebase emulators:start --only functions",
    "shell": "npm run build && firebase functions:shell",
    "start": "npm run shell",
    "deploy": "firebase deploy --only functions",
    "logs": "firebase functions:log"
  },
  "engines": {
    "node": "18"
  },
  "main": "lib/index.js",
  "dependencies": {
    "firebase-admin": "^11.8.0",
    "firebase-functions": "^4.3.1",
    "@google-cloud/bigquery": "^7.0.0"
  },
  "devDependencies": {
    "typescript": "^4.9.0",
    "@types/node": "^18.0.0"
  },
  "private": true
}
[debug] [2025-10-16T12:08:18.286Z] Building nodejs source
[info] i  functions: Loading and analyzing source code for codebase default to determine what to deploy 
[info] i  functions: You are using a version of firebase-functions SDK (4.9.0) that does not have support for the newest Firebase Extensions features. Please update firebase-functions SDK to >=5.1.0 to use them correctly 
[debug] [2025-10-16T12:08:18.286Z] Could not find functions.yaml. Must use http discovery
[debug] [2025-10-16T12:08:18.291Z] Found firebase-functions binary at '/Users/benmichaels/Desktop/ImPACTS/functions/node_modules/.bin/firebase-functions'
[info] Serving at port 8972

[debug] [2025-10-16T12:08:18.709Z] Got response from /__/functions.yaml {"endpoints":{"healthCheck":{"platform":"gcfv1","availableMemoryMb":null,"timeoutSeconds":null,"minInstances":null,"maxInstances":null,"ingressSettings":null,"serviceAccountEmail":null,"vpc":null,"httpsTrigger":{},"entryPoint":"healthCheck"},"syncActivities":{"platform":"gcfv1","availableMemoryMb":null,"timeoutSeconds":null,"minInstances":null,"maxInstances":null,"ingressSettings":null,"serviceAccountEmail":null,"vpc":null,"httpsTrigger":{},"entryPoint":"syncActivities"},"getActivities":{"platform":"gcfv1","availableMemoryMb":null,"timeoutSeconds":null,"minInstances":null,"maxInstances":null,"ingressSettings":null,"serviceAccountEmail":null,"vpc":null,"httpsTrigger":{},"entryPoint":"getActivities"}},"specVersion":"v1alpha1","requiredAPIs":[]}
[info] i  functions: preparing functions directory for uploading... 
[info] i  functions: packaged /Users/benmichaels/Desktop/ImPACTS/functions (15.53 KB) for uploading 
[debug] [2025-10-16T12:08:18.733Z] Checked if tokens are valid: true, expires at: 1760620091505
[debug] [2025-10-16T12:08:18.733Z] Checked if tokens are valid: true, expires at: 1760620091505
[debug] [2025-10-16T12:08:18.733Z] >>> [apiv2][query] GET https://cloudfunctions.googleapis.com/v1/projects/impacts-tracker/locations/-/functions [none]
[debug] [2025-10-16T12:08:19.502Z] <<< [apiv2][status] GET https://cloudfunctions.googleapis.com/v1/projects/impacts-tracker/locations/-/functions 200
[debug] [2025-10-16T12:08:19.503Z] <<< [apiv2][body] GET https://cloudfunctions.googleapis.com/v1/projects/impacts-tracker/locations/-/functions {"functions":[{"name":"projects/impacts-tracker/locations/us-central1/functions/createBigQueryResources","httpsTrigger":{"url":"https://us-central1-impacts-tracker.cloudfunctions.net/createBigQueryResources","securityLevel":"SECURE_ALWAYS"},"status":"ACTIVE","entryPoint":"createBigQueryResources","timeout":"60s","availableMemoryMb":256,"serviceAccountEmail":"impacts-tracker@appspot.gserviceaccount.com","updateTime":"2025-04-17T03:18:47.361783204Z","versionId":"1","labels":{"firebase-functions-hash":"68c861f0d5cd270d1ab52014dc4f11a7c11576cc","deployment-tool":"cli-firebase"},"sourceUploadUrl":"https://storage.googleapis.com/uploads-143645069277.us-central1.cloudfunctions.appspot.com/6b202138-c4fa-4047-bdc1-a4916ef8fae5.zip","environmentVariables":{"FIREBASE_CONFIG":"{\"projectId\":\"impacts-tracker\",\"storageBucket\":\"impacts-tracker.firebasestorage.app\"}","GCLOUD_PROJECT":"impacts-tracker","EVENTARC_CLOUD_EVENT_SOURCE":"projects/impacts-tracker/locations/us-central1/functions/createBigQueryResources"},"runtime":"nodejs18","ingressSettings":"ALLOW_ALL","buildId":"d55eaa19-ea3b-4a26-b698-34081cbcc9bb","buildEnvironmentVariables":{"GOOGLE_NODE_RUN_SCRIPTS":""},"buildName":"projects/936816429135/locations/us-central1/builds/d55eaa19-ea3b-4a26-b698-34081cbcc9bb","dockerRegistry":"ARTIFACT_REGISTRY","automaticUpdatePolicy":{},"buildServiceAccount":"projects/impacts-tracker/serviceAccounts/936816429135-compute@developer.gserviceaccount.com","satisfiesPzi":true},{"name":"projects/impacts-tracker/locations/us-central1/functions/saveActionPlanToBigQuery","eventTrigger":{"eventType":"providers/cloud.firestore/eventTypes/document.create","resource":"projects/impacts-tracker/databases/(default)/documents/actionPlans/{planId}","service":"firestore.googleapis.com","failurePolicy":{}},"status":"ACTIVE","entryPoint":"saveActionPlanToBigQuery","timeout":"60s","availableMemoryMb":256,"serviceAccountEmail":"impacts-tracker@appspot.gserviceaccount.com","updateTime":"2025-04-17T03:19:19.260Z","versionId":"5","labels":{"firebase-functions-hash":"68c861f0d5cd270d1ab52014dc4f11a7c11576cc","deployment-tool":"cli-firebase"},"sourceUploadUrl":"https://storage.googleapis.com/uploads-143645069277.us-central1.cloudfunctions.appspot.com/6b202138-c4fa-4047-bdc1-a4916ef8fae5.zip","environmentVariables":{"FIREBASE_CONFIG":"{\"projectId\":\"impacts-tracker\",\"storageBucket\":\"impacts-tracker.firebasestorage.app\"}","GCLOUD_PROJECT":"impacts-tracker","EVENTARC_CLOUD_EVENT_SOURCE":"projects/impacts-tracker/locations/us-central1/functions/saveActionPlanToBigQuery"},"runtime":"nodejs18","maxInstances":3000,"ingressSettings":"ALLOW_ALL","buildId":"d55eaa19-ea3b-4a26-b698-34081cbcc9bb","buildEnvironmentVariables":{"GOOGLE_NODE_RUN_SCRIPTS":""},"buildName":"projects/936816429135/locations/us-central1/builds/d55eaa19-ea3b-4a26-b698-34081cbcc9bb","dockerRegistry":"ARTIFACT_REGISTRY","automaticUpdatePolicy":{},"buildServiceAccount":"projects/impacts-tracker/serviceAccounts/936816429135-compute@developer.gserviceaccount.com","satisfiesPzi":true},{"name":"projects/impacts-tracker/locations/us-central1/functions/saveRegistrationToBigQuery","eventTrigger":{"eventType":"providers/firebase.auth/eventTypes/user.create","resource":"projects/impacts-tracker","service":"firebaseauth.googleapis.com","failurePolicy":{}},"status":"ACTIVE","entryPoint":"saveRegistrationToBigQuery","timeout":"60s","availableMemoryMb":256,"serviceAccountEmail":"impacts-tracker@appspot.gserviceaccount.com","updateTime":"2025-04-17T03:19:23.542Z","versionId":"5","labels":{"deployment-tool":"cli-firebase","firebase-functions-hash":"68c861f0d5cd270d1ab52014dc4f11a7c11576cc"},"sourceUploadUrl":"https://storage.googleapis.com/uploads-143645069277.us-central1.cloudfunctions.appspot.com/6b202138-c4fa-4047-bdc1-a4916ef8fae5.zip","environmentVariables":{"FIREBASE_CONFIG":"{\"projectId\":\"impacts-tracker\",\"storageBucket\":\"impacts-tracker.firebasestorage.app\"}","GCLOUD_PROJECT":"impacts-tracker","EVENTARC_CLOUD_EVENT_SOURCE":"projects/impacts-tracker/locations/us-central1/functions/saveRegistrationToBigQuery"},"runtime":"nodejs18","maxInstances":3000,"ingressSettings":"ALLOW_ALL","buildId":"d55eaa19-ea3b-4a26-b698-34081cbcc9bb","buildEnvironmentVariables":{"GOOGLE_NODE_RUN_SCRIPTS":""},"buildName":"projects/936816429135/locations/us-central1/builds/d55eaa19-ea3b-4a26-b698-34081cbcc9bb","dockerRegistry":"ARTIFACT_REGISTRY","automaticUpdatePolicy":{},"buildServiceAccount":"projects/impacts-tracker/serviceAccounts/936816429135-compute@developer.gserviceaccount.com","satisfiesPzi":true},{"name":"projects/impacts-tracker/locations/us-central1/functions/saveAssessmentToBigQuery","eventTrigger":{"eventType":"providers/cloud.firestore/eventTypes/document.create","resource":"projects/impacts-tracker/databases/(default)/documents/assessments/{assessmentId}","service":"firestore.googleapis.com","failurePolicy":{}},"status":"ACTIVE","entryPoint":"saveAssessmentToBigQuery","timeout":"60s","availableMemoryMb":256,"serviceAccountEmail":"impacts-tracker@appspot.gserviceaccount.com","updateTime":"2025-04-17T03:19:21.849Z","versionId":"5","labels":{"deployment-tool":"cli-firebase","firebase-functions-hash":"68c861f0d5cd270d1ab52014dc4f11a7c11576cc"},"sourceUploadUrl":"https://storage.googleapis.com/uploads-143645069277.us-central1.cloudfunctions.appspot.com/6b202138-c4fa-4047-bdc1-a4916ef8fae5.zip","environmentVariables":{"FIREBASE_CONFIG":"{\"projectId\":\"impacts-tracker\",\"storageBucket\":\"impacts-tracker.firebasestorage.app\"}","GCLOUD_PROJECT":"impacts-tracker","EVENTARC_CLOUD_EVENT_SOURCE":"projects/impacts-tracker/locations/us-central1/functions/saveAssessmentToBigQuery"},"runtime":"nodejs18","maxInstances":3000,"ingressSettings":"ALLOW_ALL","buildId":"d55eaa19-ea3b-4a26-b698-34081cbcc9bb","buildEnvironmentVariables":{"GOOGLE_NODE_RUN_SCRIPTS":""},"buildName":"projects/936816429135/locations/us-central1/builds/d55eaa19-ea3b-4a26-b698-34081cbcc9bb","dockerRegistry":"ARTIFACT_REGISTRY","automaticUpdatePolicy":{},"buildServiceAccount":"projects/impacts-tracker/serviceAccounts/936816429135-compute@developer.gserviceaccount.com","satisfiesPzi":true}]}
[debug] [2025-10-16T12:08:19.504Z] Checked if tokens are valid: true, expires at: 1760620091505
[debug] [2025-10-16T12:08:19.504Z] Checked if tokens are valid: true, expires at: 1760620091505
[debug] [2025-10-16T12:08:19.504Z] >>> [apiv2][query] GET https://cloudfunctions.googleapis.com/v2/projects/impacts-tracker/locations/-/functions filter=environment%3D%22GEN_2%22
[debug] [2025-10-16T12:08:20.118Z] <<< [apiv2][status] GET https://cloudfunctions.googleapis.com/v2/projects/impacts-tracker/locations/-/functions 200
[debug] [2025-10-16T12:08:20.118Z] <<< [apiv2][body] GET https://cloudfunctions.googleapis.com/v2/projects/impacts-tracker/locations/-/functions {}
[debug] [2025-10-16T12:08:20.122Z] Checked if tokens are valid: true, expires at: 1760620091505
[debug] [2025-10-16T12:08:20.123Z] Checked if tokens are valid: true, expires at: 1760620091505
[debug] [2025-10-16T12:08:20.123Z] >>> [apiv2][query] GET https://cloudresourcemanager.googleapis.com/v1/projects/impacts-tracker [none]
[debug] [2025-10-16T12:08:20.328Z] <<< [apiv2][status] GET https://cloudresourcemanager.googleapis.com/v1/projects/impacts-tracker 200
[debug] [2025-10-16T12:08:20.328Z] <<< [apiv2][body] GET https://cloudresourcemanager.googleapis.com/v1/projects/impacts-tracker {"projectNumber":"936816429135","projectId":"impacts-tracker","lifecycleState":"ACTIVE","name":"ImPACTS-Tracker","labels":{"firebase":"enabled","firebase-core":"disabled"},"createTime":"2025-04-07T03:04:23.071535Z"}
[debug] [2025-10-16T12:08:20.331Z] Checked if tokens are valid: true, expires at: 1760620091505
[debug] [2025-10-16T12:08:20.331Z] Checked if tokens are valid: true, expires at: 1760620091505
[debug] [2025-10-16T12:08:20.331Z] >>> [apiv2][query] POST https://firebasehosting.googleapis.com/v1beta1/projects/-/sites/impacts-tracker/versions [none]
[debug] [2025-10-16T12:08:20.331Z] >>> [apiv2][body] POST https://firebasehosting.googleapis.com/v1beta1/projects/-/sites/impacts-tracker/versions {"status":"CREATED","labels":{"deployment-tool":"cli-firebase"}}
[debug] [2025-10-16T12:08:20.995Z] <<< [apiv2][status] POST https://firebasehosting.googleapis.com/v1beta1/projects/-/sites/impacts-tracker/versions 200
[debug] [2025-10-16T12:08:20.995Z] <<< [apiv2][body] POST https://firebasehosting.googleapis.com/v1beta1/projects/-/sites/impacts-tracker/versions {"name":"projects/936816429135/sites/impacts-tracker/versions/dfdb6e58beafc7aa","status":"CREATED","config":{},"labels":{"deployment-tool":"cli-firebase"}}
[debug] [2025-10-16T12:08:20.996Z] [functions] found 3 new HTTP functions, testing setIamPolicy permission...
[debug] [2025-10-16T12:08:20.997Z] Checked if tokens are valid: true, expires at: 1760620091505
[debug] [2025-10-16T12:08:20.997Z] Checked if tokens are valid: true, expires at: 1760620091505
[debug] [2025-10-16T12:08:20.997Z] >>> [apiv2][query] POST https://cloudresourcemanager.googleapis.com/v1/projects/impacts-tracker:testIamPermissions [none]
[debug] [2025-10-16T12:08:20.998Z] >>> [apiv2][(partial)header] POST https://cloudresourcemanager.googleapis.com/v1/projects/impacts-tracker:testIamPermissions x-goog-quota-user=projects/impacts-tracker
[debug] [2025-10-16T12:08:20.998Z] >>> [apiv2][body] POST https://cloudresourcemanager.googleapis.com/v1/projects/impacts-tracker:testIamPermissions {"permissions":["cloudfunctions.functions.setIamPolicy"]}
[debug] [2025-10-16T12:08:21.255Z] <<< [apiv2][status] POST https://cloudresourcemanager.googleapis.com/v1/projects/impacts-tracker:testIamPermissions 200
[debug] [2025-10-16T12:08:21.255Z] <<< [apiv2][body] POST https://cloudresourcemanager.googleapis.com/v1/projects/impacts-tracker:testIamPermissions {"permissions":["cloudfunctions.functions.setIamPolicy"]}
[debug] [2025-10-16T12:08:21.255Z] [functions] found setIamPolicy permission, proceeding with deploy
[debug] [2025-10-16T12:08:21.257Z] Checked if tokens are valid: true, expires at: 1760620091505
[debug] [2025-10-16T12:08:21.258Z] Checked if tokens are valid: true, expires at: 1760620091505
[debug] [2025-10-16T12:08:21.258Z] >>> [apiv2][query] POST https://cloudfunctions.googleapis.com/v1/projects/impacts-tracker/locations/us-central1/functions:generateUploadUrl [none]
[debug] [2025-10-16T12:08:21.258Z] >>> [apiv2][body] POST https://cloudfunctions.googleapis.com/v1/projects/impacts-tracker/locations/us-central1/functions:generateUploadUrl {}
[debug] [2025-10-16T12:08:22.011Z] <<< [apiv2][status] POST https://cloudfunctions.googleapis.com/v1/projects/impacts-tracker/locations/us-central1/functions:generateUploadUrl 200
[debug] [2025-10-16T12:08:22.011Z] <<< [apiv2][body] POST https://cloudfunctions.googleapis.com/v1/projects/impacts-tracker/locations/us-central1/functions:generateUploadUrl {"uploadUrl":"https://storage.googleapis.com/uploads-143645069277.us-central1.cloudfunctions.appspot.com/0284f447-b27d-4050-9333-a31f65eceffb.zip?GoogleAccessId=service-936816429135@gcf-admin-robot.iam.gserviceaccount.com&Expires=1760618301&Signature=dDdFkwCvhIeR8zASdBhrbfU%2FgvZ7ZHJYYkSJGQJua0u%2BHh763y3s89Dh5gXouLOtULjz%2FQiKkvcJC1Gb30rexEi7wZl9%2FPsO%2Bur2MtxB%2B1Ej5366Ix4ISqr6E6hiaJtdTcOY10aGyIGNsZVvi%2BunZeb18ASmyRV1hs1k47D%2FRfVTFczweGIkVCCE9u5WFIfgVgJjZ3y7WbPAPUUxi%2FXj1lLZWWKcykC4nWvlbNnAsfFGaoymF%2Fp8IFz7FYlxj%2FoxgwzlqEivhU1afHSTd1pl5rt%2B4pxykoo28Bo3KLM6aSivM16F826yR0OLYdNuHhW2pajmKQe%2Fno8pqyiRRxFTEg%3D%3D"}
[debug] [2025-10-16T12:08:22.014Z] >>> [apiv2][query] PUT https://storage.googleapis.com/uploads-143645069277.us-central1.cloudfunctions.appspot.com/0284f447-b27d-4050-9333-a31f65eceffb.zip GoogleAccessId=service-936816429135%40gcf-admin-robot.iam.gserviceaccount.com&Expires=1760618301&Signature=dDdFkwCvhIeR8zASdBhrbfU%2FgvZ7ZHJYYkSJGQJua0u%2BHh763y3s89Dh5gXouLOtULjz%2FQiKkvcJC1Gb30rexEi7wZl9%2FPsO%2Bur2MtxB%2B1Ej5366Ix4ISqr6E6hiaJtdTcOY10aGyIGNsZVvi%2BunZeb18ASmyRV1hs1k47D%2FRfVTFczweGIkVCCE9u5WFIfgVgJjZ3y7WbPAPUUxi%2FXj1lLZWWKcykC4nWvlbNnAsfFGaoymF%2Fp8IFz7FYlxj%2FoxgwzlqEivhU1afHSTd1pl5rt%2B4pxykoo28Bo3KLM6aSivM16F826yR0OLYdNuHhW2pajmKQe%2Fno8pqyiRRxFTEg%3D%3D
[debug] [2025-10-16T12:08:22.014Z] >>> [apiv2][body] PUT https://storage.googleapis.com/uploads-143645069277.us-central1.cloudfunctions.appspot.com/0284f447-b27d-4050-9333-a31f65eceffb.zip [stream]
[debug] [2025-10-16T12:08:22.353Z] <<< [apiv2][status] PUT https://storage.googleapis.com/uploads-143645069277.us-central1.cloudfunctions.appspot.com/0284f447-b27d-4050-9333-a31f65eceffb.zip 200
[debug] [2025-10-16T12:08:22.354Z] <<< [apiv2][body] PUT https://storage.googleapis.com/uploads-143645069277.us-central1.cloudfunctions.appspot.com/0284f447-b27d-4050-9333-a31f65eceffb.zip [omitted]
[info] ✔  functions: functions folder uploaded successfully 
[info] i  hosting[impacts-tracker]: beginning deploy... 
[info] i  hosting[impacts-tracker]: found 7 files in build 
[debug] [2025-10-16T12:08:22.367Z] [hosting] uploading with 200 concurrency
[debug] [2025-10-16T12:08:22.373Z] Checked if tokens are valid: true, expires at: 1760620091505
[debug] [2025-10-16T12:08:22.373Z] Checked if tokens are valid: true, expires at: 1760620091505
[debug] [2025-10-16T12:08:22.374Z] [hosting] hash cache [YnVpbGQ] stored for 7 files
[debug] [2025-10-16T12:08:22.374Z] [hosting][hash queue][FINAL] {"max":3,"min":0,"avg":2.142857142857143,"active":0,"complete":7,"success":7,"errored":0,"retried":0,"total":7,"elapsed":5}
[debug] [2025-10-16T12:08:22.374Z] >>> [apiv2][query] POST https://firebasehosting.googleapis.com/v1beta1/projects/936816429135/sites/impacts-tracker/versions/dfdb6e58beafc7aa:populateFiles [none]
[debug] [2025-10-16T12:08:22.374Z] >>> [apiv2][body] POST https://firebasehosting.googleapis.com/v1beta1/projects/936816429135/sites/impacts-tracker/versions/dfdb6e58beafc7aa:populateFiles {"files":{"/index.html":"360824e951f6fe1f68899da2b5ec654521ccb266fdd4969ba264f52adab5b55e","/asset-manifest.json":"f1b651238a58fe290baec6c5e32f3bdb1943dd2bd582f02569231f7a757c7837","/robots.txt":"391d14b3c2f8c9143a27a28c7399585142228d4d1bdbe2c87ac946de411fa9a2","/manifest.json":"4e1d3adad9ce7e17c0d13fac197f1c27091906f4ecf3909c9f51247bff345118","/favicon.ico":"1463be9bedc82e16f9364eec7a1f5152cbe56229401381eed65c1496cb884407","/logo192.png":"f66564670b5bfe49f3f04a5b63107bae60f4a7736f1d3b83aa0115f7acf45150","/logo512.png":"2356e0b814e58a349935c8de17226873d615d088a867d591fef48a64c80c9a2f"}}
[debug] [2025-10-16T12:08:22.735Z] <<< [apiv2][status] POST https://firebasehosting.googleapis.com/v1beta1/projects/936816429135/sites/impacts-tracker/versions/dfdb6e58beafc7aa:populateFiles 200
[debug] [2025-10-16T12:08:22.735Z] <<< [apiv2][body] POST https://firebasehosting.googleapis.com/v1beta1/projects/936816429135/sites/impacts-tracker/versions/dfdb6e58beafc7aa:populateFiles {"uploadRequiredHashes":["f1b651238a58fe290baec6c5e32f3bdb1943dd2bd582f02569231f7a757c7837"],"uploadUrl":"https://upload-firebasehosting.googleapis.com/upload/sites/impacts-tracker/versions/dfdb6e58beafc7aa/files"}
[debug] [2025-10-16T12:08:22.736Z] Checked if tokens are valid: true, expires at: 1760620091505
[debug] [2025-10-16T12:08:22.736Z] Checked if tokens are valid: true, expires at: 1760620091505
[debug] [2025-10-16T12:08:22.736Z] >>> [apiv2][query] POST https://upload-firebasehosting.googleapis.com/upload/sites/impacts-tracker/versions/dfdb6e58beafc7aa/files/f1b651238a58fe290baec6c5e32f3bdb1943dd2bd582f02569231f7a757c7837 [none]
[debug] [2025-10-16T12:08:22.736Z] >>> [apiv2][body] POST https://upload-firebasehosting.googleapis.com/upload/sites/impacts-tracker/versions/dfdb6e58beafc7aa/files/f1b651238a58fe290baec6c5e32f3bdb1943dd2bd582f02569231f7a757c7837 [stream]
[debug] [2025-10-16T12:08:22.738Z] [hosting][populate queue][FINAL] {"max":363,"min":363,"avg":363,"active":0,"complete":1,"success":1,"errored":0,"retried":0,"total":1,"elapsed":365}
[debug] [2025-10-16T12:08:22.738Z] [hosting] uploads queued: 1
[debug] [2025-10-16T12:08:23.391Z] <<< [apiv2][status] POST https://upload-firebasehosting.googleapis.com/upload/sites/impacts-tracker/versions/dfdb6e58beafc7aa/files/f1b651238a58fe290baec6c5e32f3bdb1943dd2bd582f02569231f7a757c7837 200
[debug] [2025-10-16T12:08:23.391Z] <<< [apiv2][body] POST https://upload-firebasehosting.googleapis.com/upload/sites/impacts-tracker/versions/dfdb6e58beafc7aa/files/f1b651238a58fe290baec6c5e32f3bdb1943dd2bd582f02569231f7a757c7837 [stream]
[debug] [2025-10-16T12:08:23.391Z] [hosting][upload queue][FINAL] {"max":656,"min":656,"avg":656,"active":0,"complete":1,"success":1,"errored":0,"retried":0,"total":1,"elapsed":656}
[info] ✔  hosting[impacts-tracker]: file upload complete 
[debug] [2025-10-16T12:08:23.391Z] [hosting] deploy completed after 1035ms
[info] 
The following functions are found in your project but do not exist in your local source code:
	createBigQueryResources(us-central1)
	saveActionPlanToBigQuery(us-central1)
	saveAssessmentToBigQuery(us-central1)
	saveRegistrationToBigQuery(us-central1)

If you are renaming a function or changing its region, it is recommended that you create the new function first before deleting the old one to prevent event loss. For more info, visit https://firebase.google.com/docs/functions/manage-functions#modify

